Flutter crash report.
Please report a bug at https://github.com/flutter/flutter/issues.

## command

flutter create --platforms android .

## exception

PathExistsException: PathExistsException: Creation failed, path = 'C:\Users\User.DESKTOP-T27SALG\Downloads\project\Project TANDAU app\tandau\android\app' (OS Error: Невозможно создать файл, так как он уже существует, errno = 183)

```
#0      _Directory.createSync (dart:io/directory_impl.dart:145:7)
#1      _File.createSync (dart:io/file_impl.dart:341:14)
#2      ForwardingFile.createSync (package:file/src/forwarding/forwarding_file.dart:26:16)
#3      ErrorHandlingFile.createSync.<anonymous closure> (package:flutter_tools/src/base/error_handling_io.dart:265:22)
#4      _runSync (package:flutter_tools/src/base/error_handling_io.dart:552:14)
#5      ErrorHandlingFile.createSync (package:flutter_tools/src/base/error_handling_io.dart:264:5)
#6      Template.render.<anonymous closure> (package:flutter_tools/src/template.dart:350:28)
#7      _LinkedHashMapMixin.forEach (dart:_compact_hash:765:13)
#8      Template.render (package:flutter_tools/src/template.dart:310:24)
#9      CreateBase.renderMerged (package:flutter_tools/src/commands/create_base.dart:431:21)
<asynchronous suspension>
#10     CreateBase.generateApp (package:flutter_tools/src/commands/create_base.dart:454:23)
<asynchronous suspension>
#11     CreateCommand.runCommand (package:flutter_tools/src/commands/create.dart:453:31)
<asynchronous suspension>
#12     FlutterCommand.run.<anonymous closure> (package:flutter_tools/src/runner/flutter_command.dart:1559:27)
<asynchronous suspension>
#13     AppContext.run.<anonymous closure> (package:flutter_tools/src/base/context.dart:154:19)
<asynchronous suspension>
#14     CommandRunner.runCommand (package:args/command_runner.dart:212:13)
<asynchronous suspension>
#15     FlutterCommandRunner.runCommand.<anonymous closure> (package:flutter_tools/src/runner/flutter_command_runner.dart:487:9)
<asynchronous suspension>
#16     AppContext.run.<anonymous closure> (package:flutter_tools/src/base/context.dart:154:19)
<asynchronous suspension>
#17     FlutterCommandRunner.runCommand (package:flutter_tools/src/runner/flutter_command_runner.dart:422:5)
<asynchronous suspension>
#18     run.<anonymous closure>.<anonymous closure> (package:flutter_tools/runner.dart:104:11)
<asynchronous suspension>
#19     AppContext.run.<anonymous closure> (package:flutter_tools/src/base/context.dart:154:19)
<asynchronous suspension>
#20     main (package:flutter_tools/executable.dart:103:3)
<asynchronous suspension>
```

## flutter doctor

```
[32m[✓][39m Flutter (Channel stable,
    3.38.9, on Microsoft
    Windows [Version
    10.0.26200.7623], locale
    ru-RU) [181ms]
    [32m•[39m Flutter version 3.38.9
      on channel stable at
      C:\Users\User.DESKTOP-T
      27SALG\Downloads\flutte
      r
    [32m•[39m Upstream repository
      https://github.com/flut
      ter/flutter.git
    [32m•[39m Framework revision
      67323de285 (12 days
      ago), 2026-01-28
      13:43:12 -0800
    [32m•[39m Engine revision
      587c18f873
    [32m•[39m Dart version 3.10.8
    [32m•[39m DevTools version 2.51.1
    [32m•[39m Feature flags:
      enable-web,
      enable-linux-desktop,
      enable-macos-desktop,
      enable-windows-desktop,
      enable-android,
      enable-ios,
      cli-animations,
      enable-native-assets,
      omit-legacy-version-fil
      e,
      enable-lldb-debugging

[32m[✓][39m Windows Version
    (Њ ©Єа®б®дв Windows 11
    Pro 64-bit, 25H2, 2009)
    [890ms]

[32m[✓][39m Android toolchain -
    develop for Android
    devices (Android SDK
    version 36.1.0) [2,8s]
    [32m•[39m Android SDK at
      C:\Users\User.DESKTOP-T
      27SALG\AppData\Local\An
      droid\sdk
    [32m•[39m Emulator version
      36.3.10.0 (build_id
      14472402) (CL:N/A)
    [32m•[39m Platform
      android-CANARY,
      build-tools 36.1.0
    [32m•[39m Java binary at:
      C:\Program
      Files\Android\Android
      Studio\jbr\bin\java
      This is the JDK bundled
      with the latest Android
      Studio installation on
      this machine.
      To manually set the JDK
      path, use: `flutter
      config
      --jdk-dir="path/to/jdk"
      `.
    [32m•[39m Java version OpenJDK
      Runtime Environment
      (build
      21.0.8+-14196175-b1038.
      72)
    [32m•[39m All Android licenses
      accepted.

[32m[✓][39m Chrome - develop for the
    web [9ms]
    [32m•[39m Chrome at C:\Program
      Files\Google\Chrome\App
      lication\chrome.exe

[31m[✗][39m Visual Studio - develop
    Windows apps [8ms]
    [31m✗[39m Visual Studio not
      installed; this is
      necessary to develop
      Windows apps.
      Download at
      https://visualstudio.mi
      crosoft.com/downloads/.
      Please install the
      "Desktop development
      with C++" workload,
      including all of its
      default components

[32m[✓][39m Connected device (3
    available) [182ms]
    [32m•[39m Windows (desktop) •
      windows • windows-x64
      • Microsoft Windows
      [Version
      10.0.26200.7623]
    [32m•[39m Chrome (web)      •
      chrome  •
      web-javascript • Google
      Chrome 144.0.7559.133
    [32m•[39m Edge (web)        •
      edge    •
      web-javascript •
      Microsoft Edge
      144.0.3719.115

[32m[✓][39m Network resources [793ms]
    [32m•[39m All expected network
      resources are
      available.

[33m![39m Doctor found issues in 1
  category.
```
